2026-05-22 11:18:23 [32minfo[39m: POST /api/auth/login
2026-05-22 11:18:23 [32minfo[39m: POST /api/auth/login
2026-05-27 22:50:49 [32minfo[39m: ========================================
2026-05-27 22:50:49 [32minfo[39m:   EDS Francisco el Hombre - Backend
2026-05-27 22:50:49 [32minfo[39m:   Puerto: 3000
2026-05-27 22:50:49 [32minfo[39m:   Entorno: development
2026-05-27 22:50:49 [32minfo[39m: ========================================
2026-05-27 22:56:30 [32minfo[39m: POST /api/auth/login
2026-05-27 22:56:31 [32minfo[39m: GET /api/sales/dashboard
2026-05-27 22:57:00 [32minfo[39m: GET /api/users
2026-05-27 22:57:01 [32minfo[39m: GET /api/sales/dashboard
2026-05-27 22:57:17 [32minfo[39m: PUT /api/users/1
2026-05-27 22:57:17 [32minfo[39m: GET /api/sales/dashboard
2026-05-27 22:57:17 [32minfo[39m: GET /api/users
2026-05-27 22:57:23 [32minfo[39m: GET /api/mechanical/descuadres?startDate=2026-05-27T05:00:00.000Z&endDate=2026-05-28T03:57:23.903Z
2026-05-27 22:57:48 [32minfo[39m: GET /api/sales/dashboard
2026-05-27 23:00:23 [32minfo[39m: ========================================
2026-05-27 23:00:23 [32minfo[39m:   EDS Francisco el Hombre - Backend
2026-05-27 23:00:23 [32minfo[39m:   Puerto: 3000
2026-05-27 23:00:23 [32minfo[39m:   Entorno: development
2026-05-27 23:00:23 [32minfo[39m: ========================================
2026-05-27 23:00:32 [32minfo[39m: ========================================
2026-05-27 23:00:32 [32minfo[39m:   EDS Francisco el Hombre - Backend
2026-05-27 23:00:32 [32minfo[39m:   Puerto: 3000
2026-05-27 23:00:32 [32minfo[39m:   Entorno: development
2026-05-27 23:00:32 [32minfo[39m: ========================================
2026-05-27 23:00:41 [32minfo[39m: ========================================
2026-05-27 23:00:41 [32minfo[39m:   EDS Francisco el Hombre - Backend
2026-05-27 23:00:41 [32minfo[39m:   Puerto: 3000
2026-05-27 23:00:41 [32minfo[39m:   Entorno: development
2026-05-27 23:00:41 [32minfo[39m: ========================================
2026-05-27 23:00:58 [32minfo[39m: GET /api/sales/dashboard
2026-05-27 23:02:27 [32minfo[39m: GET /api/products
2026-05-27 23:02:28 [32minfo[39m: GET /api/sales/dashboard
2026-05-27 23:02:40 [32minfo[39m: PUT /api/products/2
2026-05-27 23:02:40 [32minfo[39m: GET /api/products
2026-05-27 23:04:40 [32minfo[39m: ========================================
2026-05-27 23:04:40 [32minfo[39m:   EDS Francisco el Hombre - Backend
2026-05-27 23:04:40 [32minfo[39m:   Puerto: 3000
2026-05-27 23:04:40 [32minfo[39m:   Entorno: development
2026-05-27 23:04:40 [32minfo[39m: ========================================
2026-05-27 23:05:08 [32minfo[39m: ========================================
2026-05-27 23:05:08 [32minfo[39m:   EDS Francisco el Hombre - Backend
2026-05-27 23:05:08 [32minfo[39m:   Puerto: 3000
2026-05-27 23:05:08 [32minfo[39m:   Entorno: development
2026-05-27 23:05:08 [32minfo[39m: ========================================
2026-05-27 23:05:17 [32minfo[39m: ========================================
2026-05-27 23:05:17 [32minfo[39m:   EDS Francisco el Hombre - Backend
2026-05-27 23:05:17 [32minfo[39m:   Puerto: 3000
2026-05-27 23:05:17 [32minfo[39m:   Entorno: development
2026-05-27 23:05:17 [32minfo[39m: ========================================
2026-05-27 23:05:26 [32minfo[39m: GET /api/sales/dashboard
2026-05-27 23:07:26 [32minfo[39m: GET /api/sales/dashboard
2026-05-27 23:07:29 [32minfo[39m: GET /api/products
2026-05-27 23:07:56 [32minfo[39m: GET /api/sales/dashboard
2026-05-27 23:09:12 [32minfo[39m: ========================================
2026-05-27 23:09:12 [32minfo[39m:   EDS Francisco el Hombre - Backend
2026-05-27 23:09:12 [32minfo[39m:   Puerto: 3000
2026-05-27 23:09:12 [32minfo[39m:   Entorno: development
2026-05-27 23:09:12 [32minfo[39m: ========================================
2026-05-27 23:31:03 [32minfo[39m: ========================================
2026-05-27 23:31:03 [32minfo[39m:   EDS Francisco el Hombre - Backend
2026-05-27 23:31:03 [32minfo[39m:   Puerto: 3000
2026-05-27 23:31:03 [32minfo[39m:   Entorno: development
2026-05-27 23:31:03 [32minfo[39m: ========================================
2026-05-27 23:39:04 [32minfo[39m: POST /api/auth/login
2026-05-27 23:39:09 [32minfo[39m: POST /api/auth/login
2026-05-27 23:39:30 [32minfo[39m: POST /api/auth/login
2026-05-27 23:39:31 [32minfo[39m: GET /api/sales/dashboard
2026-05-27 23:39:45 [32minfo[39m: GET /api/products
2026-05-27 23:39:50 [32minfo[39m: PATCH /api/products/2/visibility
2026-05-27 23:39:50 [32minfo[39m: GET /api/products
2026-05-27 23:40:26 [32minfo[39m: POST /api/products
2026-05-27 23:40:26 [32minfo[39m: GET /api/products
2026-05-27 23:40:31 [32minfo[39m: GET /api/sales/dashboard
2026-05-27 23:45:29 [32minfo[39m: GET /api/sales/dashboard
2026-05-27 23:45:35 [32minfo[39m: GET /api/sales/dashboard
2026-05-27 23:45:37 [32minfo[39m: GET /api/products
2026-05-27 23:46:05 [32minfo[39m: GET /api/sales/dashboard
2026-05-27 23:46:08 [32minfo[39m: GET /api/mechanical/descuadres?startDate=2026-05-27T05:00:00.000Z&endDate=2026-05-28T04:46:08.263Z
2026-05-27 23:46:09 [32minfo[39m: GET /api/users
2026-05-27 23:47:01 [32minfo[39m: GET /api/sales/dashboard
2026-05-27 23:47:03 [32minfo[39m: GET /api/products
2026-05-27 23:47:20 [32minfo[39m: GET /api/mechanical/descuadres?startDate=2026-05-27T05:00:00.000Z&endDate=2026-05-28T04:47:20.856Z
2026-05-27 23:47:22 [32minfo[39m: GET /api/users
2026-05-27 23:47:31 [32minfo[39m: GET /api/sales/dashboard
2026-05-27 23:49:01 [32minfo[39m: GET /api/sales/dashboard
2026-05-27 23:49:18 [32minfo[39m: GET /api/sales/dashboard
2026-05-27 23:49:21 [32minfo[39m: GET /api/products/visible
2026-05-27 23:49:48 [32minfo[39m: GET /api/sales/dashboard
2026-05-28 00:00:21 [32minfo[39m: ========================================
2026-05-28 00:00:21 [32minfo[39m:   EDS Francisco el Hombre - Backend
2026-05-28 00:00:21 [32minfo[39m:   Puerto: 3000
2026-05-28 00:00:21 [32minfo[39m:   Entorno: development
2026-05-28 00:00:21 [32minfo[39m: ========================================
2026-05-28 00:01:23 [32minfo[39m: POST /api/auth/login
2026-05-28 00:01:23 [32minfo[39m: GET /api/sales/dashboard
2026-05-28 00:01:25 [32minfo[39m: GET /api/products
2026-05-28 00:01:32 [32minfo[39m: GET /api/products/visible
2026-05-28 00:05:03 [32minfo[39m: GET /api/products/visible
2026-05-28 00:08:16 [32minfo[39m: GET /api/sales/dashboard
2026-05-28 00:09:19 [32minfo[39m: ========================================
2026-05-28 00:09:19 [32minfo[39m:   EDS Francisco el Hombre - Backend
2026-05-28 00:09:19 [32minfo[39m:   Puerto: 3000
2026-05-28 00:09:19 [32minfo[39m:   Entorno: development
2026-05-28 00:09:19 [32minfo[39m: ========================================
2026-05-28 00:10:51 [32minfo[39m: GET /api/sales/dashboard
2026-05-28 00:10:54 [32minfo[39m: GET /api/products
2026-05-28 00:10:56 [32minfo[39m: GET /api/products/visible
2026-05-28 00:11:22 [32minfo[39m: GET /api/sales/dashboard
2026-05-28 00:13:38 [32minfo[39m: GET /api/products/visible
2026-05-28 00:13:52 [32minfo[39m: GET /api/sales/dashboard
2026-05-28 00:13:59 [32minfo[39m: GET /api/products/visible
2026-05-28 00:14:34 [32minfo[39m: GET /api/sales/dashboard
2026-05-28 00:15:01 [32minfo[39m: GET /api/products
2026-05-28 00:15:04 [32minfo[39m: GET /api/sales/dashboard
2026-05-28 00:15:42 [32minfo[39m: GET /api/sales/dashboard
2026-05-28 00:15:44 [32minfo[39m: GET /api/products
2026-05-28 00:15:53 [32minfo[39m: GET /api/sales/dashboard
2026-05-28 00:16:47 [32minfo[39m: GET /api/sales/dashboard
2026-05-28 00:16:49 [32minfo[39m: GET /api/products
2026-05-28 00:17:19 [32minfo[39m: GET /api/sales/dashboard
2026-05-28 00:17:28 [32minfo[39m: GET /api/users
2026-05-28 00:17:30 [32minfo[39m: GET /api/products
2026-05-28 00:17:38 [32minfo[39m: GET /api/sales/dashboard
2026-05-28 00:17:39 [32minfo[39m: GET /api/products
2026-05-28 00:18:30 [32minfo[39m: GET /api/sales/dashboard
2026-05-28 00:18:42 [32minfo[39m: GET /api/mechanical/descuadres?startDate=2026-05-28T05:00:00.000Z&endDate=2026-05-28T05:18:42.493Z
2026-05-28 00:18:46 [32minfo[39m: GET /api/users
2026-05-28 00:18:48 [32minfo[39m: GET /api/products
2026-05-28 00:18:51 [32minfo[39m: GET /api/products/visible
2026-05-28 00:19:00 [32minfo[39m: GET /api/sales/dashboard
2026-05-28 00:19:31 [32minfo[39m: GET /api/sales/dashboard
2026-05-28 00:19:42 [32minfo[39m: GET /api/mechanical/descuadres?startDate=2026-05-28T05:00:00.000Z&endDate=2026-05-28T05:19:42.540Z
2026-05-28 00:20:01 [32minfo[39m: GET /api/sales/dashboard
2026-05-28 00:20:12 [32minfo[39m: GET /api/products
2026-05-28 00:22:51 [32minfo[39m: GET /api/sales/dashboard
2026-05-28 00:23:34 [32minfo[39m: GET /api/sales/dashboard
2026-05-28 00:23:36 [32minfo[39m: GET /api/products/visible
2026-05-28 00:24:05 [32minfo[39m: GET /api/sales/dashboard
2026-05-28 00:24:12 [32minfo[39m: GET /api/products
2026-05-28 00:25:03 [32minfo[39m: GET /api/products/visible
2026-05-28 00:26:05 [32minfo[39m: GET /api/sales/dashboard
2026-05-28 00:26:06 [32minfo[39m: GET /api/products
2026-05-28 00:26:07 [32minfo[39m: GET /api/products/visible
2026-05-28 00:26:35 [32minfo[39m: GET /api/sales/dashboard
2026-05-28 00:26:44 [32minfo[39m: GET /api/products/visible
2026-05-28 00:28:36 [32minfo[39m: GET /api/products/visible
2026-05-28 00:30:05 [32minfo[39m: GET /api/sales/dashboard
2026-05-28 00:31:07 [32minfo[39m: GET /api/products
2026-05-28 00:33:06 [32minfo[39m: GET /api/products
2026-05-28 00:33:25 [32minfo[39m: GET /api/sales/dashboard
2026-05-28 00:33:30 [32minfo[39m: GET /api/mechanical/descuadres?startDate=2026-05-28T05:00:00.000Z&endDate=2026-05-28T05:33:30.798Z
2026-05-28 00:33:31 [32minfo[39m: GET /api/users
2026-05-28 00:33:33 [32minfo[39m: GET /api/products
2026-05-28 00:33:55 [32minfo[39m: GET /api/sales/dashboard
2026-05-28 00:35:39 [32minfo[39m: GET /api/products
2026-05-28 00:35:43 [32minfo[39m: GET /api/products
2026-05-28 00:36:16 [32minfo[39m: GET /api/products
2026-05-28 00:36:35 [32minfo[39m: GET /api/sales/dashboard
2026-05-28 00:36:36 [32minfo[39m: GET /api/products/visible
2026-05-28 00:36:47 [32minfo[39m: GET /api/products
2026-05-28 00:37:00 [32minfo[39m: POST /api/auth/login
2026-05-28 00:37:01 [32minfo[39m: GET /api/sales/dashboard
2026-05-28 00:37:03 [32minfo[39m: GET /api/products
2026-05-28 00:37:56 [32minfo[39m: GET /api/products
2026-05-28 00:44:06 [32minfo[39m: GET /api/products
2026-05-28 00:44:13 [32minfo[39m: GET /api/sales/dashboard
2026-05-28 00:44:17 [32minfo[39m: GET /api/sales/dashboard
2026-05-28 00:44:20 [32minfo[39m: GET /api/products
2026-05-28 00:44:47 [32minfo[39m: GET /api/sales/dashboard
2026-05-28 00:45:45 [32minfo[39m: POST /api/auth/login
2026-05-28 00:45:45 [32minfo[39m: GET /api/products/visible
2026-05-28 00:45:55 [32minfo[39m: GET /api/sales/user?startDate=2026-05-28T05:00:00.000Z&endDate=2026-05-28T05:45:55.333Z
2026-05-28 00:45:57 [32minfo[39m: GET /api/mechanical/descuadres?startDate=2026-05-28T05:00:00.000Z&endDate=2026-05-28T05:45:57.397Z
2026-05-28 00:45:58 [32minfo[39m: GET /api/mechanical/descuadres?startDate=2026-05-28T05:00:00.000Z&endDate=2026-05-28T05:45:58.417Z
2026-05-28 21:31:13 [32minfo[39m: ========================================
2026-05-28 21:31:13 [32minfo[39m:   EDS Francisco el Hombre - Backend
2026-05-28 21:31:13 [32minfo[39m:   Puerto: 3000
2026-05-28 21:31:13 [32minfo[39m:   Entorno: development
2026-05-28 21:31:13 [32minfo[39m: ========================================
2026-05-28 21:33:20 [32minfo[39m: POST /api/users
2026-05-28 21:35:05 [32minfo[39m: POST /api/auth/login
2026-05-28 21:37:17 [32minfo[39m: POST /api/users
2026-05-28 21:37:33 [32minfo[39m: POST /api/users
2026-05-28 21:37:36 [32minfo[39m: POST /api/users
2026-05-28 21:37:37 [32minfo[39m: POST /api/users
2026-05-28 21:37:39 [32minfo[39m: POST /api/users
2026-05-28 21:37:54 [32minfo[39m: POST /api/users
2026-05-28 21:37:55 [32minfo[39m: POST /api/users
2026-05-28 21:37:57 [32minfo[39m: POST /api/users
2026-05-28 21:38:07 [32minfo[39m: POST /api/users
2026-05-28 21:39:02 [32minfo[39m: POST /api/users
2026-05-28 21:39:03 [32minfo[39m: POST /api/users
2026-05-28 21:39:05 [32minfo[39m: POST /api/users
2026-05-28 21:39:20 [32minfo[39m: POST /api/users
2026-05-28 21:39:22 [32minfo[39m: POST /api/users
2026-05-28 21:40:36 [32minfo[39m: POST /api/users
2026-05-28 21:40:37 [32minfo[39m: POST /api/users
2026-05-28 21:40:38 [32minfo[39m: POST /api/users
2026-05-28 21:40:39 [32minfo[39m: POST /api/users
2026-05-28 21:40:42 [32minfo[39m: POST /api/users
2026-05-28 21:40:43 [32minfo[39m: POST /api/users
2026-05-28 21:40:46 [32minfo[39m: POST /api/users
2026-05-28 21:40:47 [32minfo[39m: POST /api/users
2026-05-28 21:40:48 [32minfo[39m: POST /api/users
2026-05-28 21:43:45 [32minfo[39m: ========================================
2026-05-28 21:43:45 [32minfo[39m:   EDS Francisco el Hombre - Backend
2026-05-28 21:43:45 [32minfo[39m:   Puerto: 3000
2026-05-28 21:43:45 [32minfo[39m:   Entorno: development
2026-05-28 21:43:45 [32minfo[39m: ========================================
2026-05-28 21:45:17 [32minfo[39m: POST /api/users
2026-05-28 21:45:23 [32minfo[39m: POST /api/users
2026-05-28 21:46:01 [32minfo[39m: POST /api/users
2026-05-28 21:46:33 [32minfo[39m: POST /api/users
2026-05-28 21:47:58 [32minfo[39m: POST /api/users
2026-05-28 21:49:19 [32minfo[39m: POST /api/users
2026-05-28 21:49:29 [32minfo[39m: POST /api/users
2026-05-28 21:50:33 [32minfo[39m: POST /api/users
2026-05-28 21:50:45 [32minfo[39m: POST /api/users
2026-05-28 21:50:59 [32minfo[39m: POST /api/auth/login
2026-05-28 21:51:22 [32minfo[39m: POST /api/users
2026-05-28 21:51:25 [32minfo[39m: POST /api/users
2026-05-28 21:51:29 [32minfo[39m: POST /api/users
2026-05-28 21:52:34 [32minfo[39m: POST /api/users
2026-05-28 21:52:34 [32minfo[39m: POST /api/users
2026-05-28 21:52:34 [32minfo[39m: GET /api/sales/dashboard
2026-05-28 21:52:34 [32minfo[39m: GET /api/mechanical/last
2026-05-28 21:52:34 [32minfo[39m: GET /api/sales/dashboard
2026-05-28 21:52:34 [32minfo[39m: GET /api/mechanical/last
2026-05-28 21:53:35 [32minfo[39m: GET /api/mechanical/last
2026-05-28 21:53:35 [32minfo[39m: GET /api/sales/dashboard
2026-05-28 21:53:38 [32minfo[39m: GET /api/products
2026-05-28 21:54:05 [32minfo[39m: GET /api/sales/dashboard
2026-05-28 21:54:35 [32minfo[39m: GET /api/sales/dashboard
2026-05-28 21:55:05 [32minfo[39m: GET /api/sales/dashboard
2026-05-28 21:55:35 [32minfo[39m: GET /api/sales/dashboard
2026-05-28 21:59:00 [32minfo[39m: GET /api/mechanical/last
2026-05-28 21:59:05 [32minfo[39m: GET /api/products
2026-05-28 21:59:06 [32minfo[39m: GET /api/sales/dashboard
2026-05-28 21:59:09 [32minfo[39m: GET /api/products/visible
2026-05-28 21:59:36 [32minfo[39m: GET /api/sales/dashboard
2026-05-28 22:00:06 [32minfo[39m: GET /api/sales/dashboard
2026-05-28 22:00:36 [32minfo[39m: GET /api/sales/dashboard
2026-05-28 22:01:06 [32minfo[39m: GET /api/sales/dashboard
2026-05-28 22:01:36 [32minfo[39m: GET /api/sales/dashboard
2026-05-28 22:02:03 [32minfo[39m: GET /api/users
2026-05-28 22:02:06 [32minfo[39m: GET /api/sales/dashboard
2026-05-28 22:02:09 [32minfo[39m: GET /api/mechanical/descuadres?startDate=2026-05-28T05:00:00.000Z&endDate=2026-05-29T03:02:09.641Z
2026-05-28 22:02:36 [32minfo[39m: GET /api/sales/dashboard
2026-05-28 22:03:06 [32minfo[39m: GET /api/sales/dashboard
2026-05-28 22:03:09 [32minfo[39m: GET /api/mechanical/descuadres?startDate=2026-05-28T05:00:00.000Z&endDate=2026-05-29T03:03:09.668Z
2026-05-28 22:03:10 [32minfo[39m: PUT /api/products/1
2026-05-28 22:03:30 [32minfo[39m: PUT /api/products/1
2026-05-28 22:03:34 [32minfo[39m: PUT /api/products/1
2026-05-28 22:03:36 [32minfo[39m: GET /api/sales/dashboard
2026-05-28 22:03:41 [32minfo[39m: PUT /api/products/1
2026-05-28 22:03:42 [32minfo[39m: PUT /api/products/1
2026-05-28 22:03:42 [32minfo[39m: PUT /api/products/1
2026-05-28 22:03:42 [32minfo[39m: PUT /api/products/1
2026-05-28 22:03:43 [32minfo[39m: PUT /api/products/1
2026-05-28 22:03:44 [32minfo[39m: PUT /api/products/1
2026-05-28 22:03:44 [32minfo[39m: PUT /api/products/1
2026-05-28 22:04:44 [32minfo[39m: GET /api/products
2026-05-28 22:05:05 [32minfo[39m: GET /api/products
2026-05-28 22:05:06 [32minfo[39m: GET /api/sales/dashboard
2026-05-28 22:05:09 [32minfo[39m: GET /api/mechanical/descuadres?startDate=2026-05-28T05:00:00.000Z&endDate=2026-05-29T03:05:09.690Z
2026-05-28 22:05:13 [32minfo[39m: GET /api/sales/dashboard
2026-05-28 22:05:36 [32minfo[39m: POST /api/users
2026-05-28 22:05:36 [32minfo[39m: GET /api/sales/dashboard
2026-05-28 22:05:36 [32minfo[39m: GET /api/mechanical/last
2026-05-28 22:05:37 [32minfo[39m: GET /api/mechanical/last
2026-05-28 22:05:38 [32minfo[39m: GET /api/products
2026-05-28 22:05:54 [32minfo[39m: PUT /api/products/1
2026-05-28 22:05:59 [32minfo[39m: PUT /api/products/1
2026-05-28 22:06:00 [32minfo[39m: PUT /api/products/1
2026-05-28 22:06:01 [32minfo[39m: PUT /api/products/1
2026-05-28 22:06:03 [32minfo[39m: PUT /api/products/1
2026-05-28 22:06:06 [32minfo[39m: GET /api/sales/dashboard
2026-05-28 22:06:08 [32minfo[39m: PUT /api/products/1
2026-05-28 22:06:09 [32minfo[39m: PUT /api/products/1
2026-05-28 22:06:11 [32minfo[39m: PUT /api/products/1
2026-05-28 22:06:12 [32minfo[39m: PUT /api/products/1
2026-05-28 22:06:13 [32minfo[39m: PUT /api/products/1
2026-05-28 22:06:14 [32minfo[39m: PUT /api/products/1
2026-05-28 22:06:15 [32minfo[39m: PUT /api/products/1
2026-05-28 22:06:17 [32minfo[39m: POST /api/users
2026-05-28 22:06:17 [32minfo[39m: GET /api/sales/dashboard
2026-05-28 22:06:17 [32minfo[39m: GET /api/mechanical/last
2026-05-28 22:06:18 [32minfo[39m: GET /api/mechanical/last
2026-05-28 22:06:19 [32minfo[39m: GET /api/products
2026-05-28 22:06:29 [32minfo[39m: PUT /api/products/1
2026-05-28 22:07:19 [32minfo[39m: GET /api/products
2026-05-28 22:07:47 [32minfo[39m: GET /api/sales/dashboard
2026-05-28 22:07:48 [32minfo[39m: POST /api/users
2026-05-28 22:07:49 [32minfo[39m: GET /api/sales/dashboard
2026-05-28 22:07:49 [32minfo[39m: GET /api/mechanical/last
2026-05-28 22:07:50 [32minfo[39m: GET /api/mechanical/last
2026-05-28 22:07:50 [32minfo[39m: GET /api/products
2026-05-28 22:08:15 [32minfo[39m: PUT /api/products/1
2026-05-28 22:08:19 [32minfo[39m: GET /api/sales/dashboard
2026-05-28 22:09:19 [32minfo[39m: POST /api/users
2026-05-28 22:09:19 [32minfo[39m: GET /api/sales/dashboard
2026-05-28 22:09:19 [32minfo[39m: GET /api/mechanical/last
2026-05-28 22:09:20 [32minfo[39m: GET /api/mechanical/last
2026-05-28 22:09:47 [32minfo[39m: GET /api/products
2026-05-28 22:09:49 [32minfo[39m: GET /api/sales/dashboard
2026-05-28 22:10:02 [32minfo[39m: PUT /api/products/1
2026-05-28 22:10:03 [32minfo[39m: PUT /api/products/1
2026-05-28 22:13:56 [32minfo[39m: POST /api/users
2026-05-28 22:13:56 [32minfo[39m: GET /api/sales/dashboard
2026-05-28 22:13:56 [32minfo[39m: GET /api/mechanical/last
2026-05-28 22:13:57 [32minfo[39m: GET /api/mechanical/last
2026-05-28 22:13:59 [32minfo[39m: GET /api/products
2026-05-28 22:14:20 [32minfo[39m: PUT /api/products/1
2026-05-28 22:14:26 [32minfo[39m: GET /api/sales/dashboard
2026-05-28 22:14:31 [32minfo[39m: PUT /api/products/1
2026-05-28 22:14:32 [32minfo[39m: PUT /api/products/1
2026-05-28 22:14:33 [32minfo[39m: PUT /api/products/1
2026-05-28 22:14:34 [32minfo[39m: PUT /api/products/1
2026-05-28 22:14:34 [32minfo[39m: PUT /api/products/1
2026-05-28 22:14:34 [32minfo[39m: PUT /api/products/1
2026-05-28 22:14:35 [32minfo[39m: PUT /api/products/1
2026-05-28 22:14:35 [32minfo[39m: PUT /api/products/1
2026-05-28 22:15:02 [32minfo[39m: ========================================
2026-05-28 22:15:02 [32minfo[39m:   EDS Francisco el Hombre - Backend
2026-05-28 22:15:02 [32minfo[39m:   Puerto: 3000
2026-05-28 22:15:02 [32minfo[39m:   Entorno: development
2026-05-28 22:15:02 [32minfo[39m: ========================================
2026-05-28 22:15:22 [32minfo[39m: ========================================
2026-05-28 22:15:22 [32minfo[39m:   EDS Francisco el Hombre - Backend
2026-05-28 22:15:22 [32minfo[39m:   Puerto: 3000
2026-05-28 22:15:22 [32minfo[39m:   Entorno: development
2026-05-28 22:15:22 [32minfo[39m: ========================================
2026-05-28 22:15:32 [32minfo[39m: ========================================
2026-05-28 22:15:32 [32minfo[39m:   EDS Francisco el Hombre - Backend
2026-05-28 22:15:32 [32minfo[39m:   Puerto: 3000
2026-05-28 22:15:32 [32minfo[39m:   Entorno: development
2026-05-28 22:15:32 [32minfo[39m: ========================================
2026-05-28 22:15:47 [32minfo[39m: POST /api/users
2026-05-28 22:15:47 [32minfo[39m: GET /api/sales/dashboard
2026-05-28 22:15:47 [32minfo[39m: GET /api/mechanical/last
2026-05-28 22:15:48 [32minfo[39m: GET /api/mechanical/last
2026-05-28 22:15:50 [32minfo[39m: GET /api/products/visible
2026-05-28 22:15:52 [32minfo[39m: GET /api/products
2026-05-28 22:16:14 [32minfo[39m: PUT /api/products/1
2026-05-28 22:16:14 [31merror[39m: error: no existe la columna «codigo_barras»
    at E:\proyectos\eds-francisco-el-hombre\backend\node_modules\pg-pool\index.js:45:11
    at process.processTicksAndRejections (node:internal/process/task_queues:95:5)
    at async Product.update (E:\proyectos\eds-francisco-el-hombre\backend\src\models\Product.js:30:20)
    at async exports.updateProduct (E:\proyectos\eds-francisco-el-hombre\backend\src\controllers\productController.js:29:28)
2026-05-28 22:16:17 [32minfo[39m: PUT /api/products/1
2026-05-28 22:16:17 [31merror[39m: error: no existe la columna «codigo_barras»
    at E:\proyectos\eds-francisco-el-hombre\backend\node_modules\pg-pool\index.js:45:11
    at process.processTicksAndRejections (node:internal/process/task_queues:95:5)
    at async Product.update (E:\proyectos\eds-francisco-el-hombre\backend\src\models\Product.js:30:20)
    at async exports.updateProduct (E:\proyectos\eds-francisco-el-hombre\backend\src\controllers\productController.js:29:28)
2026-05-28 22:16:17 [32minfo[39m: GET /api/sales/dashboard
2026-05-28 22:16:18 [32minfo[39m: PUT /api/products/1
2026-05-28 22:16:18 [31merror[39m: error: no existe la columna «codigo_barras»
    at E:\proyectos\eds-francisco-el-hombre\backend\node_modules\pg-pool\index.js:45:11
    at process.processTicksAndRejections (node:internal/process/task_queues:95:5)
    at async Product.update (E:\proyectos\eds-francisco-el-hombre\backend\src\models\Product.js:30:20)
    at async exports.updateProduct (E:\proyectos\eds-francisco-el-hombre\backend\src\controllers\productController.js:29:28)
2026-05-28 22:16:18 [32minfo[39m: PUT /api/products/1
2026-05-28 22:16:18 [31merror[39m: error: no existe la columna «codigo_barras»
    at E:\proyectos\eds-francisco-el-hombre\backend\node_modules\pg-pool\index.js:45:11
    at process.processTicksAndRejections (node:internal/process/task_queues:95:5)
    at async Product.update (E:\proyectos\eds-francisco-el-hombre\backend\src\models\Product.js:30:20)
    at async exports.updateProduct (E:\proyectos\eds-francisco-el-hombre\backend\src\controllers\productController.js:29:28)
2026-05-28 22:16:18 [32minfo[39m: PUT /api/products/1
2026-05-28 22:16:18 [31merror[39m: error: no existe la columna «codigo_barras»
    at E:\proyectos\eds-francisco-el-hombre\backend\node_modules\pg-pool\index.js:45:11
    at process.processTicksAndRejections (node:internal/process/task_queues:95:5)
    at async Product.update (E:\proyectos\eds-francisco-el-hombre\backend\src\models\Product.js:30:20)
    at async exports.updateProduct (E:\proyectos\eds-francisco-el-hombre\backend\src\controllers\productController.js:29:28)
2026-05-28 22:16:18 [32minfo[39m: PUT /api/products/1
2026-05-28 22:16:19 [31merror[39m: error: no existe la columna «codigo_barras»
    at E:\proyectos\eds-francisco-el-hombre\backend\node_modules\pg-pool\index.js:45:11
    at process.processTicksAndRejections (node:internal/process/task_queues:95:5)
    at async Product.update (E:\proyectos\eds-francisco-el-hombre\backend\src\models\Product.js:30:20)
    at async exports.updateProduct (E:\proyectos\eds-francisco-el-hombre\backend\src\controllers\productController.js:29:28)
2026-05-28 22:16:19 [32minfo[39m: PUT /api/products/1
2026-05-28 22:16:19 [31merror[39m: error: no existe la columna «codigo_barras»
    at E:\proyectos\eds-francisco-el-hombre\backend\node_modules\pg-pool\index.js:45:11
    at process.processTicksAndRejections (node:internal/process/task_queues:95:5)
    at async Product.update (E:\proyectos\eds-francisco-el-hombre\backend\src\models\Product.js:30:20)
    at async exports.updateProduct (E:\proyectos\eds-francisco-el-hombre\backend\src\controllers\productController.js:29:28)
2026-05-28 22:16:19 [32minfo[39m: PUT /api/products/1
2026-05-28 22:16:19 [31merror[39m: error: no existe la columna «codigo_barras»
    at E:\proyectos\eds-francisco-el-hombre\backend\node_modules\pg-pool\index.js:45:11
    at process.processTicksAndRejections (node:internal/process/task_queues:95:5)
    at async Product.update (E:\proyectos\eds-francisco-el-hombre\backend\src\models\Product.js:30:20)
    at async exports.updateProduct (E:\proyectos\eds-francisco-el-hombre\backend\src\controllers\productController.js:29:28)
2026-05-28 22:16:19 [32minfo[39m: PUT /api/products/1
2026-05-28 22:16:19 [31merror[39m: error: no existe la columna «codigo_barras»
    at E:\proyectos\eds-francisco-el-hombre\backend\node_modules\pg-pool\index.js:45:11
    at process.processTicksAndRejections (node:internal/process/task_queues:95:5)
    at async Product.update (E:\proyectos\eds-francisco-el-hombre\backend\src\models\Product.js:30:20)
    at async exports.updateProduct (E:\proyectos\eds-francisco-el-hombre\backend\src\controllers\productController.js:29:28)
2026-05-28 22:16:20 [32minfo[39m: PUT /api/products/1
2026-05-28 22:16:20 [31merror[39m: error: no existe la columna «codigo_barras»
    at E:\proyectos\eds-francisco-el-hombre\backend\node_modules\pg-pool\index.js:45:11
    at process.processTicksAndRejections (node:internal/process/task_queues:95:5)
    at async Product.update (E:\proyectos\eds-francisco-el-hombre\backend\src\models\Product.js:30:20)
    at async exports.updateProduct (E:\proyectos\eds-francisco-el-hombre\backend\src\controllers\productController.js:29:28)
2026-05-28 22:16:44 [32minfo[39m: PUT /api/products/3
2026-05-28 22:16:44 [31merror[39m: error: no existe la columna «codigo_barras»
    at E:\proyectos\eds-francisco-el-hombre\backend\node_modules\pg-pool\index.js:45:11
    at process.processTicksAndRejections (node:internal/process/task_queues:95:5)
    at async Product.update (E:\proyectos\eds-francisco-el-hombre\backend\src\models\Product.js:30:20)
    at async exports.updateProduct (E:\proyectos\eds-francisco-el-hombre\backend\src\controllers\productController.js:29:28)
2026-05-28 22:16:45 [32minfo[39m: PUT /api/products/3
2026-05-28 22:16:45 [31merror[39m: error: no existe la columna «codigo_barras»
    at E:\proyectos\eds-francisco-el-hombre\backend\node_modules\pg-pool\index.js:45:11
    at process.processTicksAndRejections (node:internal/process/task_queues:95:5)
    at async Product.update (E:\proyectos\eds-francisco-el-hombre\backend\src\models\Product.js:30:20)
    at async exports.updateProduct (E:\proyectos\eds-francisco-el-hombre\backend\src\controllers\productController.js:29:28)
2026-05-28 22:16:45 [32minfo[39m: PUT /api/products/3
2026-05-28 22:16:45 [31merror[39m: error: no existe la columna «codigo_barras»
    at E:\proyectos\eds-francisco-el-hombre\backend\node_modules\pg-pool\index.js:45:11
    at process.processTicksAndRejections (node:internal/process/task_queues:95:5)
    at async Product.update (E:\proyectos\eds-francisco-el-hombre\backend\src\models\Product.js:30:20)
    at async exports.updateProduct (E:\proyectos\eds-francisco-el-hombre\backend\src\controllers\productController.js:29:28)
2026-05-28 22:16:46 [32minfo[39m: PUT /api/products/3
2026-05-28 22:16:46 [31merror[39m: error: no existe la columna «codigo_barras»
    at E:\proyectos\eds-francisco-el-hombre\backend\node_modules\pg-pool\index.js:45:11
    at process.processTicksAndRejections (node:internal/process/task_queues:95:5)
    at async Product.update (E:\proyectos\eds-francisco-el-hombre\backend\src\models\Product.js:30:20)
    at async exports.updateProduct (E:\proyectos\eds-francisco-el-hombre\backend\src\controllers\productController.js:29:28)
2026-05-28 22:16:46 [32minfo[39m: PUT /api/products/3
2026-05-28 22:16:46 [31merror[39m: error: no existe la columna «codigo_barras»
    at E:\proyectos\eds-francisco-el-hombre\backend\node_modules\pg-pool\index.js:45:11
    at process.processTicksAndRejections (node:internal/process/task_queues:95:5)
    at async Product.update (E:\proyectos\eds-francisco-el-hombre\backend\src\models\Product.js:30:20)
    at async exports.updateProduct (E:\proyectos\eds-francisco-el-hombre\backend\src\controllers\productController.js:29:28)
2026-05-28 22:16:46 [32minfo[39m: PUT /api/products/3
2026-05-28 22:16:46 [31merror[39m: error: no existe la columna «codigo_barras»
    at E:\proyectos\eds-francisco-el-hombre\backend\node_modules\pg-pool\index.js:45:11
    at process.processTicksAndRejections (node:internal/process/task_queues:95:5)
    at async Product.update (E:\proyectos\eds-francisco-el-hombre\backend\src\models\Product.js:30:20)
    at async exports.updateProduct (E:\proyectos\eds-francisco-el-hombre\backend\src\controllers\productController.js:29:28)
2026-05-28 22:16:46 [32minfo[39m: PUT /api/products/3
2026-05-28 22:16:46 [31merror[39m: error: no existe la columna «codigo_barras»
    at E:\proyectos\eds-francisco-el-hombre\backend\node_modules\pg-pool\index.js:45:11
    at process.processTicksAndRejections (node:internal/process/task_queues:95:5)
    at async Product.update (E:\proyectos\eds-francisco-el-hombre\backend\src\models\Product.js:30:20)
    at async exports.updateProduct (E:\proyectos\eds-francisco-el-hombre\backend\src\controllers\productController.js:29:28)
2026-05-28 22:16:46 [32minfo[39m: PUT /api/products/3
2026-05-28 22:16:46 [31merror[39m: error: no existe la columna «codigo_barras»
    at E:\proyectos\eds-francisco-el-hombre\backend\node_modules\pg-pool\index.js:45:11
    at process.processTicksAndRejections (node:internal/process/task_queues:95:5)
    at async Product.update (E:\proyectos\eds-francisco-el-hombre\backend\src\models\Product.js:30:20)
    at async exports.updateProduct (E:\proyectos\eds-francisco-el-hombre\backend\src\controllers\productController.js:29:28)
2026-05-28 22:16:48 [32minfo[39m: GET /api/sales/dashboard
2026-05-28 22:16:57 [32minfo[39m: GET /api/mechanical/descuadres?startDate=2026-05-28T05:00:00.000Z&endDate=2026-05-29T03:16:57.479Z
2026-05-28 22:17:00 [32minfo[39m: GET /api/users
2026-05-28 22:17:08 [32minfo[39m: GET /api/products
2026-05-28 22:21:01 [32minfo[39m: ========================================
2026-05-28 22:21:01 [32minfo[39m:   EDS Francisco el Hombre - Backend
2026-05-28 22:21:01 [32minfo[39m:   Puerto: 3000
2026-05-28 22:21:01 [32minfo[39m:   Entorno: development
2026-05-28 22:21:01 [32minfo[39m: ========================================
2026-05-28 22:21:51 [32minfo[39m: GET /api/products
2026-05-28 22:22:09 [32minfo[39m: GET /api/products
2026-05-28 22:22:30 [32minfo[39m: ========================================
2026-05-28 22:22:30 [32minfo[39m:   EDS Francisco el Hombre - Backend
2026-05-28 22:22:30 [32minfo[39m:   Puerto: 3000
2026-05-28 22:22:30 [32minfo[39m:   Entorno: development
2026-05-28 22:22:30 [32minfo[39m: ========================================
2026-05-28 22:23:18 [32minfo[39m: POST /api/users
2026-05-28 22:23:19 [32minfo[39m: GET /api/sales/dashboard
2026-05-28 22:23:19 [32minfo[39m: GET /api/mechanical/last
2026-05-28 22:23:21 [32minfo[39m: GET /api/mechanical/last
2026-05-28 22:23:23 [32minfo[39m: GET /api/products
2026-05-28 22:23:49 [32minfo[39m: GET /api/sales/dashboard
2026-05-28 22:26:34 [32minfo[39m: ========================================
2026-05-28 22:26:34 [32minfo[39m:   EDS Francisco el Hombre - Backend
2026-05-28 22:26:34 [32minfo[39m:   Puerto: 3000
2026-05-28 22:26:34 [32minfo[39m:   Entorno: development
2026-05-28 22:26:34 [32minfo[39m: ========================================
2026-05-28 22:27:18 [32minfo[39m: POST /api/users
2026-05-28 22:27:18 [32minfo[39m: GET /api/sales/dashboard
2026-05-28 22:27:18 [32minfo[39m: GET /api/mechanical/last
2026-05-28 22:27:19 [32minfo[39m: GET /api/mechanical/last
2026-05-28 22:27:23 [32minfo[39m: GET /api/products
2026-05-28 22:27:35 [32minfo[39m: GET /api/products
2026-05-28 22:27:48 [32minfo[39m: GET /api/sales/dashboard
2026-05-28 22:28:03 [32minfo[39m: PUT /api/products/1
2026-05-28 22:28:05 [32minfo[39m: PUT /api/products/1
2026-05-28 22:28:09 [32minfo[39m: ========================================
2026-05-28 22:28:09 [32minfo[39m:   EDS Francisco el Hombre - Backend
2026-05-28 22:28:09 [32minfo[39m:   Puerto: 3000
2026-05-28 22:28:09 [32minfo[39m:   Entorno: development
2026-05-28 22:28:09 [32minfo[39m: ========================================
2026-05-28 22:28:19 [32minfo[39m: ========================================
2026-05-28 22:28:19 [32minfo[39m:   EDS Francisco el Hombre - Backend
2026-05-28 22:28:19 [32minfo[39m:   Puerto: 3000
2026-05-28 22:28:19 [32minfo[39m:   Entorno: development
2026-05-28 22:28:19 [32minfo[39m: ========================================
2026-05-28 22:28:33 [32minfo[39m: ========================================
2026-05-28 22:28:33 [32minfo[39m:   EDS Francisco el Hombre - Backend
2026-05-28 22:28:33 [32minfo[39m:   Puerto: 3000
2026-05-28 22:28:33 [32minfo[39m:   Entorno: development
2026-05-28 22:28:33 [32minfo[39m: ========================================
2026-05-28 22:29:48 [32minfo[39m: GET /api/sales/dashboard
2026-05-28 22:29:52 [32minfo[39m: POST /api/users
2026-05-28 22:29:52 [32minfo[39m: GET /api/sales/dashboard
2026-05-28 22:29:52 [32minfo[39m: GET /api/mechanical/last
2026-05-28 22:29:54 [32minfo[39m: GET /api/mechanical/last
2026-05-28 22:29:57 [32minfo[39m: GET /api/products
2026-05-28 22:30:14 [32minfo[39m: PUT /api/products/1
2026-05-28 22:30:15 [32minfo[39m: PUT /api/products/1
2026-05-28 22:30:16 [32minfo[39m: PUT /api/products/1
2026-05-28 22:30:16 [32minfo[39m: PUT /api/products/1
2026-05-28 22:30:16 [32minfo[39m: PUT /api/products/1
2026-05-28 22:30:21 [32minfo[39m: PUT /api/products/1
2026-05-28 22:30:21 [32minfo[39m: GET /api/products
2026-05-28 22:30:23 [32minfo[39m: GET /api/sales/dashboard
2026-05-28 22:31:49 [32minfo[39m: PUT /api/products/3
2026-05-28 22:31:49 [32minfo[39m: GET /api/products
2026-05-28 22:31:53 [32minfo[39m: GET /api/sales/dashboard
2026-05-28 22:32:19 [32minfo[39m: GET /api/mechanical/descuadres?startDate=2026-05-28T05:00:00.000Z&endDate=2026-05-29T03:32:19.118Z
2026-05-28 22:32:20 [32minfo[39m: GET /api/users
2026-05-28 22:32:21 [32minfo[39m: GET /api/products/visible
2026-05-28 22:32:22 [32minfo[39m: GET /api/products
2026-05-28 22:32:23 [32minfo[39m: GET /api/sales/dashboard
2026-05-28 22:32:53 [32minfo[39m: GET /api/sales/dashboard
2026-05-28 22:36:51 [32minfo[39m: POST /api/users
2026-05-28 22:38:06 [32minfo[39m: GET /api/sales/dashboard
2026-05-28 22:38:21 [32minfo[39m: POST /api/users
2026-05-28 22:39:26 [32minfo[39m: POST /api/users
2026-05-28 22:39:52 [32minfo[39m: POST /api/auth/login
2026-05-28 22:39:53 [32minfo[39m: GET /api/products/visible
2026-05-28 22:40:25 [32minfo[39m: GET /api/mechanical/descuadres?startDate=2026-05-28T05:00:00.000Z&endDate=2026-05-29T03:40:25.123Z
2026-05-28 22:40:26 [32minfo[39m: GET /api/mechanical/descuadres?startDate=2026-05-28T05:00:00.000Z&endDate=2026-05-29T03:40:26.148Z
2026-05-28 22:40:32 [32minfo[39m: GET /api/sales/user?startDate=2026-05-28T05:00:00.000Z&endDate=2026-05-29T03:40:32.343Z
2026-05-28 22:40:33 [32minfo[39m: GET /api/sales/user?startDate=2026-05-28T05:00:00.000Z&endDate=2026-05-29T03:40:33.367Z
2026-06-05 23:16:06 [32minfo[39m: ========================================
2026-06-05 23:16:06 [32minfo[39m:   EDS Francisco el Hombre - Backend
2026-06-05 23:16:06 [32minfo[39m:   Puerto: 3000
2026-06-05 23:16:06 [32minfo[39m:   Entorno: development
2026-06-05 23:16:06 [32minfo[39m: ========================================
2026-06-05 23:17:52 [32minfo[39m: POST /api/users
2026-06-05 23:18:14 [32minfo[39m: POST /api/auth/login
2026-06-05 23:18:15 [32minfo[39m: GET /api/products/visible
2026-06-05 23:18:54 [32minfo[39m: POST /api/sales
2026-06-05 23:19:06 [32minfo[39m: POST /api/sales
2026-06-05 23:19:08 [32minfo[39m: POST /api/sales
2026-06-05 23:19:08 [32minfo[39m: POST /api/sales
2026-06-05 23:19:12 [32minfo[39m: POST /api/sales
2026-06-05 23:20:03 [32minfo[39m: ========================================
2026-06-05 23:20:03 [32minfo[39m:   EDS Francisco el Hombre - Backend
2026-06-05 23:20:03 [32minfo[39m:   Puerto: 3000
2026-06-05 23:20:03 [32minfo[39m:   Entorno: development
2026-06-05 23:20:03 [32minfo[39m: ========================================
2026-06-05 23:20:20 [32minfo[39m: GET /api/products/visible
2026-06-05 23:20:46 [32minfo[39m: POST /api/sales
2026-06-05 23:20:51 [32minfo[39m: POST /api/users
2026-06-05 23:20:51 [32minfo[39m: GET /api/products/visible
2026-06-05 23:22:48 [32minfo[39m: GET /api/products/visible
2026-06-05 23:23:06 [32minfo[39m: POST /api/users
2026-06-05 23:23:06 [32minfo[39m: GET /api/products/visible
2026-06-05 23:23:19 [32minfo[39m: POST /api/sales
2026-06-05 23:23:27 [32minfo[39m: GET /api/sales/user?startDate=2026-06-05T05:00:00.000Z&endDate=2026-06-06T04:23:27.925Z
2026-06-05 23:24:08 [32minfo[39m: POST /api/auth/login
2026-06-05 23:24:08 [32minfo[39m: GET /api/sales/dashboard
2026-06-05 23:24:08 [32minfo[39m: GET /api/mechanical/last
2026-06-05 23:24:16 [32minfo[39m: POST /api/users
2026-06-05 23:24:16 [32minfo[39m: GET /api/sales/dashboard
2026-06-05 23:24:16 [32minfo[39m: GET /api/mechanical/last
2026-06-05 23:24:20 [32minfo[39m: POST /api/users
2026-06-05 23:24:20 [32minfo[39m: GET /api/sales/dashboard
2026-06-05 23:24:20 [32minfo[39m: GET /api/mechanical/last
2026-06-05 23:24:48 [32minfo[39m: POST /api/users
2026-06-05 23:24:48 [32minfo[39m: GET /api/sales/dashboard
2026-06-05 23:24:48 [32minfo[39m: GET /api/mechanical/last
2026-06-05 23:25:28 [32minfo[39m: POST /api/users
2026-06-05 23:25:28 [32minfo[39m: GET /api/sales/dashboard
2026-06-05 23:25:28 [32minfo[39m: GET /api/mechanical/last
2026-06-05 23:26:21 [32minfo[39m: POST /api/auth/login
2026-06-05 23:27:17 [32minfo[39m: POST /api/users
2026-06-05 23:27:28 [32minfo[39m: POST /api/users
2026-06-05 23:27:28 [32minfo[39m: GET /api/sales/dashboard
2026-06-05 23:27:28 [32minfo[39m: GET /api/mechanical/last
2026-06-05 23:27:39 [32minfo[39m: GET /api/sales/dashboard
2026-06-05 23:27:39 [32minfo[39m: GET /api/mechanical/last
2026-06-05 23:27:41 [32minfo[39m: GET /api/sales/dashboard
2026-06-05 23:27:41 [32minfo[39m: GET /api/mechanical/last
2026-06-05 23:27:42 [32minfo[39m: GET /api/sales/dashboard
2026-06-05 23:27:42 [32minfo[39m: GET /api/mechanical/last
2026-06-05 23:28:44 [32minfo[39m: GET /api/sales/dashboard
2026-06-05 23:28:44 [32minfo[39m: GET /api/mechanical/last
2026-06-05 23:29:00 [32minfo[39m: GET /api/mechanical/last
2026-06-05 23:29:14 [32minfo[39m: GET /api/sales/dashboard
2026-06-05 23:29:19 [32minfo[39m: GET /api/products
2026-06-05 23:29:41 [32minfo[39m: PUT /api/products/2
2026-06-05 23:29:41 [32minfo[39m: GET /api/products
2026-06-05 23:29:44 [32minfo[39m: GET /api/sales/dashboard
2026-06-05 23:30:01 [32minfo[39m: GET /api/products/visible
2026-06-05 23:30:15 [32minfo[39m: POST /api/auth/login
2026-06-05 23:30:15 [32minfo[39m: GET /api/products/visible
2026-06-05 23:31:58 [32minfo[39m: GET /api/products/visible
2026-06-05 23:32:27 [32minfo[39m: GET /api/products/visible
2026-06-05 23:33:50 [32minfo[39m: GET /api/products/visible
2026-06-05 23:34:15 [32minfo[39m: GET /api/products/visible
2026-06-05 23:37:29 [32minfo[39m: GET /api/mechanical/last
2026-06-05 23:40:04 [32minfo[39m: ========================================
2026-06-05 23:40:04 [32minfo[39m:   EDS Francisco el Hombre - Backend
2026-06-05 23:40:04 [32minfo[39m:   Puerto: 3000
2026-06-05 23:40:04 [32minfo[39m:   Entorno: development
2026-06-05 23:40:04 [32minfo[39m: ========================================
2026-06-05 23:40:06 [32minfo[39m: ========================================
2026-06-05 23:40:06 [32minfo[39m:   EDS Francisco el Hombre - Backend
2026-06-05 23:40:06 [32minfo[39m:   Puerto: 3000
2026-06-05 23:40:06 [32minfo[39m:   Entorno: development
2026-06-05 23:40:06 [32minfo[39m: ========================================
2026-06-05 23:40:08 [32minfo[39m: ========================================
2026-06-05 23:40:08 [32minfo[39m:   EDS Francisco el Hombre - Backend
2026-06-05 23:40:08 [32minfo[39m:   Puerto: 3000
2026-06-05 23:40:08 [32minfo[39m:   Entorno: development
2026-06-05 23:40:08 [32minfo[39m: ========================================
2026-06-05 23:40:27 [32minfo[39m: GET /api/mechanical/last
2026-06-05 23:40:37 [32minfo[39m: GET /api/products/visible
2026-06-05 23:41:03 [32minfo[39m: POST /api/sales
2026-06-05 23:41:27 [32minfo[39m: POST /api/sales
2026-06-05 23:41:30 [32minfo[39m: GET /api/sales/user?startDate=2026-06-05T05:00:00.000Z&endDate=2026-06-06T04:41:30.134Z
2026-06-05 23:41:52 [32minfo[39m: GET /api/mechanical/descuadres?startDate=2026-06-05T05:00:00.000Z&endDate=2026-06-06T04:41:52.152Z
2026-06-05 23:41:53 [32minfo[39m: GET /api/mechanical/descuadres?startDate=2026-06-05T05:00:00.000Z&endDate=2026-06-06T04:41:53.174Z
2026-06-05 23:44:33 [32minfo[39m: POST /api/auth/login
2026-06-05 23:44:33 [32minfo[39m: GET /api/sales/dashboard
2026-06-05 23:45:02 [32minfo[39m: GET /api/mechanical/descuadres?startDate=2026-06-05T05:00:00.000Z&endDate=2026-06-06T04:45:02.871Z
2026-06-05 23:45:03 [32minfo[39m: GET /api/sales/dashboard
2026-06-05 23:45:07 [32minfo[39m: GET /api/users
2026-06-05 23:45:11 [32minfo[39m: GET /api/products
2026-06-05 23:45:33 [32minfo[39m: GET /api/sales/dashboard
2026-06-05 23:46:48 [32minfo[39m: GET /api/sales/dashboard
2026-06-05 23:46:52 [32minfo[39m: POST /api/auth/login
2026-06-05 23:46:52 [32minfo[39m: GET /api/sales/dashboard
2026-06-05 23:46:57 [32minfo[39m: POST /api/auth/login
2026-06-05 23:46:57 [32minfo[39m: GET /api/mechanical/last
2026-06-05 23:47:02 [32minfo[39m: GET /api/products/visible
2026-06-05 23:47:06 [32minfo[39m: GET /api/mechanical/descuadres?startDate=2026-06-05T05:00:00.000Z&endDate=2026-06-06T04:47:06.134Z
2026-06-05 23:47:07 [32minfo[39m: GET /api/mechanical/descuadres?startDate=2026-06-05T05:00:00.000Z&endDate=2026-06-06T04:47:07.159Z
2026-06-05 23:47:10 [32minfo[39m: GET /api/mechanical/descuadres?startDate=2026-06-05T05:00:00.000Z&endDate=2026-06-06T04:47:10.943Z
2026-06-05 23:47:11 [32minfo[39m: GET /api/mechanical/descuadres?startDate=2026-06-05T05:00:00.000Z&endDate=2026-06-06T04:47:11.958Z
2026-06-05 23:47:13 [32minfo[39m: GET /api/sales/user?startDate=2026-06-05T05:00:00.000Z&endDate=2026-06-06T04:47:13.702Z
2026-06-05 23:47:14 [32minfo[39m: GET /api/sales/user?startDate=2026-06-05T05:00:00.000Z&endDate=2026-06-06T04:47:14.709Z
2026-06-05 23:48:11 [32minfo[39m: GET /api/mechanical/descuadres?startDate=2026-06-05T05:00:00.000Z&endDate=2026-06-06T04:48:11.978Z
2026-06-05 23:48:12 [32minfo[39m: GET /api/mechanical/descuadres?startDate=2026-06-05T05:00:00.000Z&endDate=2026-06-06T04:48:12.995Z
2026-06-05 23:48:14 [32minfo[39m: GET /api/sales/user?startDate=2026-06-05T05:00:00.000Z&endDate=2026-06-06T04:48:14.725Z
2026-06-05 23:48:15 [32minfo[39m: GET /api/sales/user?startDate=2026-06-05T05:00:00.000Z&endDate=2026-06-06T04:48:15.743Z
2026-06-11 20:21:40 [32minfo[39m: ========================================
2026-06-11 20:21:40 [32minfo[39m:   EDS Francisco el Hombre - Backend
2026-06-11 20:21:40 [32minfo[39m:   Puerto: 3000
2026-06-11 20:21:40 [32minfo[39m:   Entorno: development
2026-06-11 20:21:40 [32minfo[39m: ========================================
2026-06-11 20:21:40 [32minfo[39m: GET /health
2026-06-11 20:22:57 [32minfo[39m: GET /
2026-06-11 20:23:27 [32minfo[39m: GET /
2026-06-11 20:24:33 [32minfo[39m: POST /api/users
2026-06-11 20:24:56 [32minfo[39m: POST /api/auth/login
2026-06-11 20:24:56 [32minfo[39m: GET /api/sales/dashboard
2026-06-11 20:25:12 [32minfo[39m: GET /api/products/visible
2026-06-11 20:25:13 [32minfo[39m: GET /api/products
2026-06-11 20:25:14 [32minfo[39m: GET /api/products
2026-06-11 20:25:26 [32minfo[39m: GET /api/sales/dashboard
2026-06-11 20:25:56 [32minfo[39m: GET /api/sales/dashboard
2026-06-11 20:27:10 [32minfo[39m: GET /api/sales/dashboard?startDate=2026-06-01T05:00:00.000Z&endDate=2026-07-01T04:59:59.999Z
2026-06-11 20:27:23 [32minfo[39m: POST /api/auth/login
2026-06-11 20:27:23 [32minfo[39m: GET /api/sales/dashboard?startDate=2026-06-01T00%3A00%3A00.000Z&endDate=2026-06-30T23%3A59%3A59.999Z
2026-06-11 20:27:40 [32minfo[39m: GET /api/sales/dashboard?startDate=2026-06-01T05:00:00.000Z&endDate=2026-07-01T04:59:59.999Z
2026-06-11 20:28:57 [32minfo[39m: GET /api/sales/dashboard?startDate=2026-06-11T05:00:00.000Z&endDate=2026-06-12T04:59:59.999Z
2026-06-11 20:29:34 [32minfo[39m: GET /api/sales/dashboard?startDate=2026-06-11T05:00:00.000Z&endDate=2026-06-12T04:59:59.999Z
2026-06-11 20:29:41 [32minfo[39m: GET /api/sales/dashboard?startDate=2026-05-01T05:00:00.000Z&endDate=2026-06-01T04:59:59.999Z
2026-06-11 20:29:55 [32minfo[39m: GET /api/sales/dashboard?startDate=2026-06-01T05:00:00.000Z&endDate=2026-07-01T04:59:59.999Z
2026-06-11 20:30:25 [32minfo[39m: GET /api/sales/dashboard?startDate=2026-06-01T05:00:00.000Z&endDate=2026-07-01T04:59:59.999Z
2026-07-09 20:48:29 [32minfo[39m: ========================================
2026-07-09 20:48:29 [32minfo[39m:   EDS Francisco el Hombre - Backend
2026-07-09 20:48:29 [32minfo[39m:   Puerto: 3000
2026-07-09 20:48:29 [32minfo[39m:   Entorno: development
2026-07-09 20:48:29 [32minfo[39m: ========================================
2026-07-09 20:59:37 [32minfo[39m: ========================================
2026-07-09 20:59:37 [32minfo[39m:   EDS Francisco el Hombre - Backend
2026-07-09 20:59:37 [32minfo[39m:   Puerto: 3000
2026-07-09 20:59:37 [32minfo[39m:   Entorno: development
2026-07-09 20:59:37 [32minfo[39m: ========================================
